  console.log
    Starting Next.js development server...

      at Object.<anonymous> (tests/e2e/graphql.test.ts:21:13)

  console.log
    Server output:    ▲ Next.js 15.2.4

      at Socket.<anonymous> (tests/e2e/graphql.test.ts:51:17)

  console.log
    Server output:    - Local:        http://localhost:3000
       - Network:      http://192.168.12.103:3000
       - Experiments (use with caution):
         ✓ optimizeCss
    
     ✓ Starting...

      at Socket.<anonymous> (tests/e2e/graphql.test.ts:51:17)

  console.log
    Server output:  ○ Compiling /instrumentation ...

      at Socket.<anonymous> (tests/e2e/graphql.test.ts:51:17)

  console.log
    Server output:  ✓ Compiled /instrumentation in 4s (905 modules)

      at Socket.<anonymous> (tests/e2e/graphql.test.ts:51:17)

  console.log
    Server output:  ✓ Ready in 8.1s

      at Socket.<anonymous> (tests/e2e/graphql.test.ts:51:17)

  console.log
    Server started, launching Puppeteer...

      at Object.<anonymous> (tests/e2e/graphql.test.ts:103:13)

